Archive member included to satisfy reference by file (symbol)

e:/vscode-win32-x64-1.75.1/toolchains/avr-gcc/bin/../lib/gcc/avr/12.1.0/avr5\libgcc.a(_exit.o)
                              e:/vscode-win32-x64-1.75.1/toolchains/avr-gcc/bin/../lib/gcc/avr/12.1.0/../../../../avr/lib/avr5/crtatmega328p.o (exit)
e:/vscode-win32-x64-1.75.1/toolchains/avr-gcc/bin/../lib/gcc/avr/12.1.0/avr5\libgcc.a(_tablejump2.o)
                              build/SevenSegments.o (__tablejump2__)
e:/vscode-win32-x64-1.75.1/toolchains/avr-gcc/bin/../lib/gcc/avr/12.1.0/avr5\libgcc.a(_clear_bss.o)
                              build/main.o (__do_clear_bss)

Discarded input sections

 .data          0x0000000000000000        0x0 e:/vscode-win32-x64-1.75.1/toolchains/avr-gcc/bin/../lib/gcc/avr/12.1.0/../../../../avr/lib/avr5/crtatmega328p.o
 .bss           0x0000000000000000        0x0 e:/vscode-win32-x64-1.75.1/toolchains/avr-gcc/bin/../lib/gcc/avr/12.1.0/../../../../avr/lib/avr5/crtatmega328p.o
 .text          0x0000000000000000        0x0 build/SevenSegments.o
 .data          0x0000000000000000        0x0 build/SevenSegments.o
 .bss           0x0000000000000000        0x0 build/SevenSegments.o
 .text.hex2SevenSegments
                0x0000000000000000       0x78 build/SevenSegments.o
 .jumptables.gcc.hex2SevenSegments
                0x0000000000000000       0x20 build/SevenSegments.o
 .debug_info    0x0000000000000000       0xf2 build/SevenSegments.o
 .debug_abbrev  0x0000000000000000       0xad build/SevenSegments.o
 .debug_loclists
                0x0000000000000000      0x25f build/SevenSegments.o
 .debug_aranges
                0x0000000000000000       0x20 build/SevenSegments.o
 .debug_rnglists
                0x0000000000000000       0x13 build/SevenSegments.o
 .debug_line    0x0000000000000000      0x2dd build/SevenSegments.o
 .debug_str     0x0000000000000000      0x172 build/SevenSegments.o
 .debug_line_str
                0x0000000000000000       0xad build/SevenSegments.o
 .comment       0x0000000000000000       0x13 build/SevenSegments.o
 .debug_frame   0x0000000000000000       0x24 build/SevenSegments.o
 .text          0x0000000000000000        0x0 build/main.o
 .data          0x0000000000000000        0x0 build/main.o
 .bss           0x0000000000000000        0x0 build/main.o
 .text._Z12assertFailedPcm
                0x0000000000000000        0x2 build/main.o
 .text._Z7getTickv
                0x0000000000000000        0x8 build/main.o
 .text          0x0000000000000000        0x0 e:/vscode-win32-x64-1.75.1/toolchains/avr-gcc/bin/../lib/gcc/avr/12.1.0/avr5\libgcc.a(_exit.o)
 .data          0x0000000000000000        0x0 e:/vscode-win32-x64-1.75.1/toolchains/avr-gcc/bin/../lib/gcc/avr/12.1.0/avr5\libgcc.a(_exit.o)
 .bss           0x0000000000000000        0x0 e:/vscode-win32-x64-1.75.1/toolchains/avr-gcc/bin/../lib/gcc/avr/12.1.0/avr5\libgcc.a(_exit.o)
 .text.libgcc.mul
                0x0000000000000000        0x0 e:/vscode-win32-x64-1.75.1/toolchains/avr-gcc/bin/../lib/gcc/avr/12.1.0/avr5\libgcc.a(_exit.o)
 .text.libgcc.div
                0x0000000000000000        0x0 e:/vscode-win32-x64-1.75.1/toolchains/avr-gcc/bin/../lib/gcc/avr/12.1.0/avr5\libgcc.a(_exit.o)
 .text.libgcc   0x0000000000000000        0x0 e:/vscode-win32-x64-1.75.1/toolchains/avr-gcc/bin/../lib/gcc/avr/12.1.0/avr5\libgcc.a(_exit.o)
 .text.libgcc.prologue
                0x0000000000000000        0x0 e:/vscode-win32-x64-1.75.1/toolchains/avr-gcc/bin/../lib/gcc/avr/12.1.0/avr5\libgcc.a(_exit.o)
 .text.libgcc.builtins
                0x0000000000000000        0x0 e:/vscode-win32-x64-1.75.1/toolchains/avr-gcc/bin/../lib/gcc/avr/12.1.0/avr5\libgcc.a(_exit.o)
 .text.libgcc.fmul
                0x0000000000000000        0x0 e:/vscode-win32-x64-1.75.1/toolchains/avr-gcc/bin/../lib/gcc/avr/12.1.0/avr5\libgcc.a(_exit.o)
 .text.libgcc.fixed
                0x0000000000000000        0x0 e:/vscode-win32-x64-1.75.1/toolchains/avr-gcc/bin/../lib/gcc/avr/12.1.0/avr5\libgcc.a(_exit.o)
 .text          0x0000000000000000        0x0 e:/vscode-win32-x64-1.75.1/toolchains/avr-gcc/bin/../lib/gcc/avr/12.1.0/avr5\libgcc.a(_tablejump2.o)
 .data          0x0000000000000000        0x0 e:/vscode-win32-x64-1.75.1/toolchains/avr-gcc/bin/../lib/gcc/avr/12.1.0/avr5\libgcc.a(_tablejump2.o)
 .bss           0x0000000000000000        0x0 e:/vscode-win32-x64-1.75.1/toolchains/avr-gcc/bin/../lib/gcc/avr/12.1.0/avr5\libgcc.a(_tablejump2.o)
 .text.libgcc.mul
                0x0000000000000000        0x0 e:/vscode-win32-x64-1.75.1/toolchains/avr-gcc/bin/../lib/gcc/avr/12.1.0/avr5\libgcc.a(_tablejump2.o)
 .text.libgcc.div
                0x0000000000000000        0x0 e:/vscode-win32-x64-1.75.1/toolchains/avr-gcc/bin/../lib/gcc/avr/12.1.0/avr5\libgcc.a(_tablejump2.o)
 .text.libgcc   0x0000000000000000        0xc e:/vscode-win32-x64-1.75.1/toolchains/avr-gcc/bin/../lib/gcc/avr/12.1.0/avr5\libgcc.a(_tablejump2.o)
 .text.libgcc.prologue
                0x0000000000000000        0x0 e:/vscode-win32-x64-1.75.1/toolchains/avr-gcc/bin/../lib/gcc/avr/12.1.0/avr5\libgcc.a(_tablejump2.o)
 .text.libgcc.builtins
                0x0000000000000000        0x0 e:/vscode-win32-x64-1.75.1/toolchains/avr-gcc/bin/../lib/gcc/avr/12.1.0/avr5\libgcc.a(_tablejump2.o)
 .text.libgcc.fmul
                0x0000000000000000        0x0 e:/vscode-win32-x64-1.75.1/toolchains/avr-gcc/bin/../lib/gcc/avr/12.1.0/avr5\libgcc.a(_tablejump2.o)
 .text.libgcc.fixed
                0x0000000000000000        0x0 e:/vscode-win32-x64-1.75.1/toolchains/avr-gcc/bin/../lib/gcc/avr/12.1.0/avr5\libgcc.a(_tablejump2.o)
 .debug_line    0x0000000000000000       0x69 e:/vscode-win32-x64-1.75.1/toolchains/avr-gcc/bin/../lib/gcc/avr/12.1.0/avr5\libgcc.a(_tablejump2.o)
 .debug_line_str
                0x0000000000000000       0x5f e:/vscode-win32-x64-1.75.1/toolchains/avr-gcc/bin/../lib/gcc/avr/12.1.0/avr5\libgcc.a(_tablejump2.o)
 .debug_info    0x0000000000000000       0x24 e:/vscode-win32-x64-1.75.1/toolchains/avr-gcc/bin/../lib/gcc/avr/12.1.0/avr5\libgcc.a(_tablejump2.o)
 .debug_abbrev  0x0000000000000000       0x14 e:/vscode-win32-x64-1.75.1/toolchains/avr-gcc/bin/../lib/gcc/avr/12.1.0/avr5\libgcc.a(_tablejump2.o)
 .debug_aranges
                0x0000000000000000       0x20 e:/vscode-win32-x64-1.75.1/toolchains/avr-gcc/bin/../lib/gcc/avr/12.1.0/avr5\libgcc.a(_tablejump2.o)
 .debug_str     0x0000000000000000       0x5f e:/vscode-win32-x64-1.75.1/toolchains/avr-gcc/bin/../lib/gcc/avr/12.1.0/avr5\libgcc.a(_tablejump2.o)
 .text          0x0000000000000000        0x0 e:/vscode-win32-x64-1.75.1/toolchains/avr-gcc/bin/../lib/gcc/avr/12.1.0/avr5\libgcc.a(_clear_bss.o)
 .data          0x0000000000000000        0x0 e:/vscode-win32-x64-1.75.1/toolchains/avr-gcc/bin/../lib/gcc/avr/12.1.0/avr5\libgcc.a(_clear_bss.o)
 .bss           0x0000000000000000        0x0 e:/vscode-win32-x64-1.75.1/toolchains/avr-gcc/bin/../lib/gcc/avr/12.1.0/avr5\libgcc.a(_clear_bss.o)
 .text.libgcc.mul
                0x0000000000000000        0x0 e:/vscode-win32-x64-1.75.1/toolchains/avr-gcc/bin/../lib/gcc/avr/12.1.0/avr5\libgcc.a(_clear_bss.o)
 .text.libgcc.div
                0x0000000000000000        0x0 e:/vscode-win32-x64-1.75.1/toolchains/avr-gcc/bin/../lib/gcc/avr/12.1.0/avr5\libgcc.a(_clear_bss.o)
 .text.libgcc   0x0000000000000000        0x0 e:/vscode-win32-x64-1.75.1/toolchains/avr-gcc/bin/../lib/gcc/avr/12.1.0/avr5\libgcc.a(_clear_bss.o)
 .text.libgcc.prologue
                0x0000000000000000        0x0 e:/vscode-win32-x64-1.75.1/toolchains/avr-gcc/bin/../lib/gcc/avr/12.1.0/avr5\libgcc.a(_clear_bss.o)
 .text.libgcc.builtins
                0x0000000000000000        0x0 e:/vscode-win32-x64-1.75.1/toolchains/avr-gcc/bin/../lib/gcc/avr/12.1.0/avr5\libgcc.a(_clear_bss.o)
 .text.libgcc.fmul
                0x0000000000000000        0x0 e:/vscode-win32-x64-1.75.1/toolchains/avr-gcc/bin/../lib/gcc/avr/12.1.0/avr5\libgcc.a(_clear_bss.o)
 .text.libgcc.fixed
                0x0000000000000000        0x0 e:/vscode-win32-x64-1.75.1/toolchains/avr-gcc/bin/../lib/gcc/avr/12.1.0/avr5\libgcc.a(_clear_bss.o)

Memory Configuration

Name             Origin             Length             Attributes
text             0x0000000000000000 0x0000000000020000 xr
data             0x0000000000800060 0x000000000000ffa0 rw !x
eeprom           0x0000000000810000 0x0000000000010000 rw !x
fuse             0x0000000000820000 0x0000000000000003 rw !x
lock             0x0000000000830000 0x0000000000000400 rw !x
signature        0x0000000000840000 0x0000000000000400 rw !x
user_signatures  0x0000000000850000 0x0000000000000400 rw !x
*default*        0x0000000000000000 0xffffffffffffffff

Linker script and memory map

Address of section .data set to 0x800100
LOAD e:/vscode-win32-x64-1.75.1/toolchains/avr-gcc/bin/../lib/gcc/avr/12.1.0/../../../../avr/lib/avr5/crtatmega328p.o
LOAD build/SevenSegments.o
LOAD build/main.o
LOAD e:/vscode-win32-x64-1.75.1/toolchains/avr-gcc/bin/../lib/gcc/avr/12.1.0/avr5\libgcc.a
LOAD e:/vscode-win32-x64-1.75.1/toolchains/avr-gcc/bin/../lib/gcc/avr/12.1.0/../../../../avr/lib/avr5\libm.a
START GROUP
LOAD e:/vscode-win32-x64-1.75.1/toolchains/avr-gcc/bin/../lib/gcc/avr/12.1.0/avr5\libgcc.a
LOAD e:/vscode-win32-x64-1.75.1/toolchains/avr-gcc/bin/../lib/gcc/avr/12.1.0/../../../../avr/lib/avr5\libm.a
LOAD e:/vscode-win32-x64-1.75.1/toolchains/avr-gcc/bin/../lib/gcc/avr/12.1.0/../../../../avr/lib/avr5\libc.a
LOAD e:/vscode-win32-x64-1.75.1/toolchains/avr-gcc/bin/../lib/gcc/avr/12.1.0/../../../../avr/lib/avr5\libatmega328p.a
END GROUP
                0x0000000000020000                __TEXT_REGION_LENGTH__ = DEFINED (__TEXT_REGION_LENGTH__)?__TEXT_REGION_LENGTH__:0x20000
                0x000000000000ffa0                __DATA_REGION_LENGTH__ = DEFINED (__DATA_REGION_LENGTH__)?__DATA_REGION_LENGTH__:0xffa0
                0x0000000000010000                __EEPROM_REGION_LENGTH__ = DEFINED (__EEPROM_REGION_LENGTH__)?__EEPROM_REGION_LENGTH__:0x10000
                [0x0000000000000003]                __FUSE_REGION_LENGTH__ = DEFINED (__FUSE_REGION_LENGTH__)?__FUSE_REGION_LENGTH__:0x400
                0x0000000000000400                __LOCK_REGION_LENGTH__ = DEFINED (__LOCK_REGION_LENGTH__)?__LOCK_REGION_LENGTH__:0x400
                0x0000000000000400                __SIGNATURE_REGION_LENGTH__ = DEFINED (__SIGNATURE_REGION_LENGTH__)?__SIGNATURE_REGION_LENGTH__:0x400
                0x0000000000000400                __USER_SIGNATURE_REGION_LENGTH__ = DEFINED (__USER_SIGNATURE_REGION_LENGTH__)?__USER_SIGNATURE_REGION_LENGTH__:0x400

.hash
 *(.hash)

.dynsym
 *(.dynsym)

.dynstr
 *(.dynstr)

.gnu.version
 *(.gnu.version)

.gnu.version_d
 *(.gnu.version_d)

.gnu.version_r
 *(.gnu.version_r)

.rel.init
 *(.rel.init)

.rela.init
 *(.rela.init)

.rel.text
 *(.rel.text)
 *(.rel.text.*)
 *(.rel.gnu.linkonce.t*)

.rela.text
 *(.rela.text)
 *(.rela.text.*)
 *(.rela.gnu.linkonce.t*)

.rel.fini
 *(.rel.fini)

.rela.fini
 *(.rela.fini)

.rel.rodata
 *(.rel.rodata)
 *(.rel.rodata.*)
 *(.rel.gnu.linkonce.r*)

.rela.rodata
 *(.rela.rodata)
 *(.rela.rodata.*)
 *(.rela.gnu.linkonce.r*)

.rel.data
 *(.rel.data)
 *(.rel.data.*)
 *(.rel.gnu.linkonce.d*)

.rela.data
 *(.rela.data)
 *(.rela.data.*)
 *(.rela.gnu.linkonce.d*)

.rel.ctors
 *(.rel.ctors)

.rela.ctors
 *(.rela.ctors)

.rel.dtors
 *(.rel.dtors)

.rela.dtors
 *(.rela.dtors)

.rel.got
 *(.rel.got)

.rela.got
 *(.rela.got)

.rel.bss
 *(.rel.bss)

.rela.bss
 *(.rela.bss)

.rel.plt
 *(.rel.plt)

.rela.plt
 *(.rela.plt)

.text           0x0000000000000000      0x104
 *(.vectors)
 .vectors       0x0000000000000000       0x68 e:/vscode-win32-x64-1.75.1/toolchains/avr-gcc/bin/../lib/gcc/avr/12.1.0/../../../../avr/lib/avr5/crtatmega328p.o
                0x0000000000000000                __vector_default
                0x0000000000000000                __vectors
 *(.vectors)
 *(.progmem.gcc*)
                0x0000000000000068                . = ALIGN (0x2)
                0x0000000000000068                __trampolines_start = .
 *(.trampolines)
 .trampolines   0x0000000000000068        0x0 linker stubs
 *(.trampolines*)
                0x0000000000000068                __trampolines_end = .
 *libprintf_flt.a:*(.progmem.data)
 *libc.a:*(.progmem.data)
 *(.progmem.*)
                0x0000000000000068                . = ALIGN (0x2)
 *(.lowtext)
 *(.lowtext*)
                0x0000000000000068                __ctors_start = .
 *(.ctors)
                0x0000000000000068                __ctors_end = .
                0x0000000000000068                __dtors_start = .
 *(.dtors)
                0x0000000000000068                __dtors_end = .
 SORT_BY_NAME(*)(.ctors)
 SORT_BY_NAME(*)(.dtors)
 *(.init0)
 .init0         0x0000000000000068        0x0 e:/vscode-win32-x64-1.75.1/toolchains/avr-gcc/bin/../lib/gcc/avr/12.1.0/../../../../avr/lib/avr5/crtatmega328p.o
                0x0000000000000068                __init
 *(.init0)
 *(.init1)
 *(.init1)
 *(.init2)
 .init2         0x0000000000000068        0xc e:/vscode-win32-x64-1.75.1/toolchains/avr-gcc/bin/../lib/gcc/avr/12.1.0/../../../../avr/lib/avr5/crtatmega328p.o
 *(.init2)
 *(.init3)
 *(.init3)
 *(.init4)
 .init4         0x0000000000000074       0x10 e:/vscode-win32-x64-1.75.1/toolchains/avr-gcc/bin/../lib/gcc/avr/12.1.0/avr5\libgcc.a(_clear_bss.o)
                0x0000000000000074                __do_clear_bss
 *(.init4)
 *(.init5)
 *(.init5)
 *(.init6)
 *(.init6)
 *(.init7)
 *(.init7)
 *(.init8)
 *(.init8)
 *(.init9)
 .init9         0x0000000000000084        0x8 e:/vscode-win32-x64-1.75.1/toolchains/avr-gcc/bin/../lib/gcc/avr/12.1.0/../../../../avr/lib/avr5/crtatmega328p.o
 *(.init9)
 *(.text)
 .text          0x000000000000008c        0x4 e:/vscode-win32-x64-1.75.1/toolchains/avr-gcc/bin/../lib/gcc/avr/12.1.0/../../../../avr/lib/avr5/crtatmega328p.o
                0x000000000000008c                __vector_22
                0x000000000000008c                __vector_1
                0x000000000000008c                __vector_24
                0x000000000000008c                __vector_12
                0x000000000000008c                __bad_interrupt
                0x000000000000008c                __vector_6
                0x000000000000008c                __vector_23
                0x000000000000008c                __vector_25
                0x000000000000008c                __vector_11
                0x000000000000008c                __vector_13
                0x000000000000008c                __vector_17
                0x000000000000008c                __vector_19
                0x000000000000008c                __vector_7
                0x000000000000008c                __vector_5
                0x000000000000008c                __vector_4
                0x000000000000008c                __vector_9
                0x000000000000008c                __vector_2
                0x000000000000008c                __vector_21
                0x000000000000008c                __vector_15
                0x000000000000008c                __vector_8
                0x000000000000008c                __vector_14
                0x000000000000008c                __vector_10
                0x000000000000008c                __vector_16
                0x000000000000008c                __vector_18
                0x000000000000008c                __vector_20
                0x0000000000000090                . = ALIGN (0x2)
 *(.text.*)
 .text.main     0x0000000000000090       0x46 build/main.o
                0x0000000000000090                main
 .text.__vector_3
                0x00000000000000d6       0x2a build/main.o
                0x00000000000000d6                __vector_3
                0x0000000000000100                . = ALIGN (0x2)
 *(.fini9)
 .fini9         0x0000000000000100        0x0 e:/vscode-win32-x64-1.75.1/toolchains/avr-gcc/bin/../lib/gcc/avr/12.1.0/avr5\libgcc.a(_exit.o)
                0x0000000000000100                _exit
                0x0000000000000100                exit
 *(.fini9)
 *(.fini8)
 *(.fini8)
 *(.fini7)
 *(.fini7)
 *(.fini6)
 *(.fini6)
 *(.fini5)
 *(.fini5)
 *(.fini4)
 *(.fini4)
 *(.fini3)
 *(.fini3)
 *(.fini2)
 *(.fini2)
 *(.fini1)
 *(.fini1)
 *(.fini0)
 .fini0         0x0000000000000100        0x4 e:/vscode-win32-x64-1.75.1/toolchains/avr-gcc/bin/../lib/gcc/avr/12.1.0/avr5\libgcc.a(_exit.o)
 *(.fini0)
 *(.hightext)
 *(.hightext*)
 *(.progmemx.*)
                0x0000000000000104                . = ALIGN (0x2)
 *(.jumptables)
 *(.jumptables*)
                0x0000000000000104                _etext = .

.data           0x0000000000800100        0x0 load address 0x0000000000000104
                [!provide]                        PROVIDE (__data_start = .)
 *(.data)
 *(.data*)
 *(.gnu.linkonce.d*)
 *(.rodata)
 *(.rodata*)
 *(.gnu.linkonce.r*)
                0x0000000000800100                . = ALIGN (0x2)
                0x0000000000800100                _edata = .
                [!provide]                        PROVIDE (__data_end = .)

.bss            0x0000000000800100        0x1
                0x0000000000800100                PROVIDE (__bss_start = .)
 *(.bss)
 *(.bss*)
 .bss.direction
                0x0000000000800100        0x1 build/main.o
                0x0000000000800100                direction
 *(COMMON)
                0x0000000000800101                PROVIDE (__bss_end = .)
                0x0000000000000104                __data_load_start = LOADADDR (.data)
                0x0000000000000104                __data_load_end = (__data_load_start + SIZEOF (.data))

.noinit         0x0000000000800101        0x0
                [!provide]                        PROVIDE (__noinit_start = .)
 *(.noinit .noinit.* .gnu.linkonce.n.*)
                [!provide]                        PROVIDE (__noinit_end = .)
                0x0000000000800101                _end = .
                [!provide]                        PROVIDE (__heap_start = .)

.eeprom         0x0000000000810000        0x0
 *(.eeprom*)
                0x0000000000810000                __eeprom_end = .

.fuse
 *(.fuse)
 *(.lfuse)
 *(.hfuse)
 *(.efuse)

.lock
 *(.lock*)

.signature
 *(.signature*)

.stab
 *(.stab)

.stabstr
 *(.stabstr)

.stab.excl
 *(.stab.excl)

.stab.exclstr
 *(.stab.exclstr)

.stab.index
 *(.stab.index)

.stab.indexstr
 *(.stab.indexstr)

.comment        0x0000000000000000       0x12
 *(.comment)
 .comment       0x0000000000000000       0x12 build/main.o
                                         0x13 (size before relaxing)

.note.gnu.avr.deviceinfo
                0x0000000000000000       0x40
 .note.gnu.avr.deviceinfo
                0x0000000000000000       0x40 e:/vscode-win32-x64-1.75.1/toolchains/avr-gcc/bin/../lib/gcc/avr/12.1.0/../../../../avr/lib/avr5/crtatmega328p.o

.note.gnu.build-id
 *(.note.gnu.build-id)

.debug
 *(.debug)

.line
 *(.line)

.debug_srcinfo
 *(.debug_srcinfo)

.debug_sfnames
 *(.debug_sfnames)

.debug_aranges  0x0000000000000000       0x78
 *(.debug_aranges)
 .debug_aranges
                0x0000000000000000       0x38 build/main.o
 .debug_aranges
                0x0000000000000038       0x20 e:/vscode-win32-x64-1.75.1/toolchains/avr-gcc/bin/../lib/gcc/avr/12.1.0/avr5\libgcc.a(_exit.o)
 .debug_aranges
                0x0000000000000058       0x20 e:/vscode-win32-x64-1.75.1/toolchains/avr-gcc/bin/../lib/gcc/avr/12.1.0/avr5\libgcc.a(_clear_bss.o)

.debug_pubnames
 *(.debug_pubnames)

.debug_info     0x0000000000000000      0x8a3
 *(.debug_info .gnu.linkonce.wi.*)
 .debug_info    0x0000000000000000      0x5f4 e:/vscode-win32-x64-1.75.1/toolchains/avr-gcc/bin/../lib/gcc/avr/12.1.0/../../../../avr/lib/avr5/crtatmega328p.o
 .debug_info    0x00000000000005f4      0x267 build/main.o
 .debug_info    0x000000000000085b       0x24 e:/vscode-win32-x64-1.75.1/toolchains/avr-gcc/bin/../lib/gcc/avr/12.1.0/avr5\libgcc.a(_exit.o)
 .debug_info    0x000000000000087f       0x24 e:/vscode-win32-x64-1.75.1/toolchains/avr-gcc/bin/../lib/gcc/avr/12.1.0/avr5\libgcc.a(_clear_bss.o)

.debug_abbrev   0x0000000000000000      0x79e
 *(.debug_abbrev)
 .debug_abbrev  0x0000000000000000      0x5a2 e:/vscode-win32-x64-1.75.1/toolchains/avr-gcc/bin/../lib/gcc/avr/12.1.0/../../../../avr/lib/avr5/crtatmega328p.o
 .debug_abbrev  0x00000000000005a2      0x1d4 build/main.o
 .debug_abbrev  0x0000000000000776       0x14 e:/vscode-win32-x64-1.75.1/toolchains/avr-gcc/bin/../lib/gcc/avr/12.1.0/avr5\libgcc.a(_exit.o)
 .debug_abbrev  0x000000000000078a       0x14 e:/vscode-win32-x64-1.75.1/toolchains/avr-gcc/bin/../lib/gcc/avr/12.1.0/avr5\libgcc.a(_clear_bss.o)

.debug_line     0x0000000000000000      0x2d6
 *(.debug_line .debug_line.* .debug_line_end)
 .debug_line    0x0000000000000000       0x1d e:/vscode-win32-x64-1.75.1/toolchains/avr-gcc/bin/../lib/gcc/avr/12.1.0/../../../../avr/lib/avr5/crtatmega328p.o
 .debug_line    0x000000000000001d      0x1f3 build/main.o
 .debug_line    0x0000000000000210       0x51 e:/vscode-win32-x64-1.75.1/toolchains/avr-gcc/bin/../lib/gcc/avr/12.1.0/avr5\libgcc.a(_exit.o)
 .debug_line    0x0000000000000261       0x75 e:/vscode-win32-x64-1.75.1/toolchains/avr-gcc/bin/../lib/gcc/avr/12.1.0/avr5\libgcc.a(_clear_bss.o)

.debug_frame    0x0000000000000000       0x68
 *(.debug_frame)
 .debug_frame   0x0000000000000000       0x68 build/main.o

.debug_str      0x0000000000000000      0x49f
 *(.debug_str)
 .debug_str     0x0000000000000000      0x20b e:/vscode-win32-x64-1.75.1/toolchains/avr-gcc/bin/../lib/gcc/avr/12.1.0/../../../../avr/lib/avr5/crtatmega328p.o
 .debug_str     0x000000000000020b      0x235 build/main.o
                                        0x276 (size before relaxing)
 .debug_str     0x0000000000000440       0x5f e:/vscode-win32-x64-1.75.1/toolchains/avr-gcc/bin/../lib/gcc/avr/12.1.0/avr5\libgcc.a(_exit.o)
 .debug_str     0x000000000000049f       0x5f e:/vscode-win32-x64-1.75.1/toolchains/avr-gcc/bin/../lib/gcc/avr/12.1.0/avr5\libgcc.a(_clear_bss.o)

.debug_loc
 *(.debug_loc)

.debug_macinfo
 *(.debug_macinfo)

.debug_weaknames
 *(.debug_weaknames)

.debug_funcnames
 *(.debug_funcnames)

.debug_typenames
 *(.debug_typenames)

.debug_varnames
 *(.debug_varnames)

.debug_pubtypes
 *(.debug_pubtypes)

.debug_ranges
 *(.debug_ranges)

.debug_addr
 *(.debug_addr)

.debug_line_str
                0x0000000000000000      0x17d
 *(.debug_line_str)
 .debug_line_str
                0x0000000000000000      0x12a build/main.o
                                        0x159 (size before relaxing)
 .debug_line_str
                0x000000000000012a       0x53 e:/vscode-win32-x64-1.75.1/toolchains/avr-gcc/bin/../lib/gcc/avr/12.1.0/avr5\libgcc.a(_exit.o)
                                         0x5f (size before relaxing)
 .debug_line_str
                0x000000000000017d       0x5f e:/vscode-win32-x64-1.75.1/toolchains/avr-gcc/bin/../lib/gcc/avr/12.1.0/avr5\libgcc.a(_clear_bss.o)

.debug_loclists
                0x0000000000000000       0x2a
 *(.debug_loclists)
 .debug_loclists
                0x0000000000000000       0x2a build/main.o

.debug_macro
 *(.debug_macro)

.debug_names
 *(.debug_names)

.debug_rnglists
                0x0000000000000000       0x25
 *(.debug_rnglists)
 .debug_rnglists
                0x0000000000000000       0x25 build/main.o

.debug_str_offsets
 *(.debug_str_offsets)

.debug_sup
 *(.debug_sup)
OUTPUT(build/application.elf elf32-avr)
LOAD linker stubs

Cross Reference Table

Symbol                                            File
_Z12assertFailedPcm                               build/main.o
_Z17hex2SevenSegmentsh13displayType_th            build/main.o
_Z7getTickv                                       build/main.o
__FUSE_REGION_LENGTH__                            e:/vscode-win32-x64-1.75.1/toolchains/avr-gcc/bin/../lib/gcc/avr/12.1.0/../../../../avr/lib/avr5/crtatmega328p.o
__bad_interrupt                                   e:/vscode-win32-x64-1.75.1/toolchains/avr-gcc/bin/../lib/gcc/avr/12.1.0/../../../../avr/lib/avr5/crtatmega328p.o
__bss_end                                         e:/vscode-win32-x64-1.75.1/toolchains/avr-gcc/bin/../lib/gcc/avr/12.1.0/avr5\libgcc.a(_clear_bss.o)
__bss_start                                       e:/vscode-win32-x64-1.75.1/toolchains/avr-gcc/bin/../lib/gcc/avr/12.1.0/avr5\libgcc.a(_clear_bss.o)
__do_clear_bss                                    e:/vscode-win32-x64-1.75.1/toolchains/avr-gcc/bin/../lib/gcc/avr/12.1.0/avr5\libgcc.a(_clear_bss.o)
                                                  build/main.o
__heap_end                                        e:/vscode-win32-x64-1.75.1/toolchains/avr-gcc/bin/../lib/gcc/avr/12.1.0/../../../../avr/lib/avr5/crtatmega328p.o
__init                                            e:/vscode-win32-x64-1.75.1/toolchains/avr-gcc/bin/../lib/gcc/avr/12.1.0/../../../../avr/lib/avr5/crtatmega328p.o
__stack                                           e:/vscode-win32-x64-1.75.1/toolchains/avr-gcc/bin/../lib/gcc/avr/12.1.0/../../../../avr/lib/avr5/crtatmega328p.o
__tablejump2__                                    e:/vscode-win32-x64-1.75.1/toolchains/avr-gcc/bin/../lib/gcc/avr/12.1.0/avr5\libgcc.a(_tablejump2.o)
                                                  build/SevenSegments.o
__vector_1                                        e:/vscode-win32-x64-1.75.1/toolchains/avr-gcc/bin/../lib/gcc/avr/12.1.0/../../../../avr/lib/avr5/crtatmega328p.o
__vector_10                                       e:/vscode-win32-x64-1.75.1/toolchains/avr-gcc/bin/../lib/gcc/avr/12.1.0/../../../../avr/lib/avr5/crtatmega328p.o
__vector_11                                       e:/vscode-win32-x64-1.75.1/toolchains/avr-gcc/bin/../lib/gcc/avr/12.1.0/../../../../avr/lib/avr5/crtatmega328p.o
__vector_12                                       e:/vscode-win32-x64-1.75.1/toolchains/avr-gcc/bin/../lib/gcc/avr/12.1.0/../../../../avr/lib/avr5/crtatmega328p.o
__vector_13                                       e:/vscode-win32-x64-1.75.1/toolchains/avr-gcc/bin/../lib/gcc/avr/12.1.0/../../../../avr/lib/avr5/crtatmega328p.o
__vector_14                                       e:/vscode-win32-x64-1.75.1/toolchains/avr-gcc/bin/../lib/gcc/avr/12.1.0/../../../../avr/lib/avr5/crtatmega328p.o
__vector_15                                       e:/vscode-win32-x64-1.75.1/toolchains/avr-gcc/bin/../lib/gcc/avr/12.1.0/../../../../avr/lib/avr5/crtatmega328p.o
__vector_16                                       e:/vscode-win32-x64-1.75.1/toolchains/avr-gcc/bin/../lib/gcc/avr/12.1.0/../../../../avr/lib/avr5/crtatmega328p.o
__vector_17                                       e:/vscode-win32-x64-1.75.1/toolchains/avr-gcc/bin/../lib/gcc/avr/12.1.0/../../../../avr/lib/avr5/crtatmega328p.o
__vector_18                                       e:/vscode-win32-x64-1.75.1/toolchains/avr-gcc/bin/../lib/gcc/avr/12.1.0/../../../../avr/lib/avr5/crtatmega328p.o
__vector_19                                       e:/vscode-win32-x64-1.75.1/toolchains/avr-gcc/bin/../lib/gcc/avr/12.1.0/../../../../avr/lib/avr5/crtatmega328p.o
__vector_2                                        e:/vscode-win32-x64-1.75.1/toolchains/avr-gcc/bin/../lib/gcc/avr/12.1.0/../../../../avr/lib/avr5/crtatmega328p.o
__vector_20                                       e:/vscode-win32-x64-1.75.1/toolchains/avr-gcc/bin/../lib/gcc/avr/12.1.0/../../../../avr/lib/avr5/crtatmega328p.o
__vector_21                                       e:/vscode-win32-x64-1.75.1/toolchains/avr-gcc/bin/../lib/gcc/avr/12.1.0/../../../../avr/lib/avr5/crtatmega328p.o
__vector_22                                       e:/vscode-win32-x64-1.75.1/toolchains/avr-gcc/bin/../lib/gcc/avr/12.1.0/../../../../avr/lib/avr5/crtatmega328p.o
__vector_23                                       e:/vscode-win32-x64-1.75.1/toolchains/avr-gcc/bin/../lib/gcc/avr/12.1.0/../../../../avr/lib/avr5/crtatmega328p.o
__vector_24                                       e:/vscode-win32-x64-1.75.1/toolchains/avr-gcc/bin/../lib/gcc/avr/12.1.0/../../../../avr/lib/avr5/crtatmega328p.o
__vector_25                                       e:/vscode-win32-x64-1.75.1/toolchains/avr-gcc/bin/../lib/gcc/avr/12.1.0/../../../../avr/lib/avr5/crtatmega328p.o
__vector_3                                        build/main.o
                                                  e:/vscode-win32-x64-1.75.1/toolchains/avr-gcc/bin/../lib/gcc/avr/12.1.0/../../../../avr/lib/avr5/crtatmega328p.o
__vector_4                                        e:/vscode-win32-x64-1.75.1/toolchains/avr-gcc/bin/../lib/gcc/avr/12.1.0/../../../../avr/lib/avr5/crtatmega328p.o
__vector_5                                        e:/vscode-win32-x64-1.75.1/toolchains/avr-gcc/bin/../lib/gcc/avr/12.1.0/../../../../avr/lib/avr5/crtatmega328p.o
__vector_6                                        e:/vscode-win32-x64-1.75.1/toolchains/avr-gcc/bin/../lib/gcc/avr/12.1.0/../../../../avr/lib/avr5/crtatmega328p.o
__vector_7                                        e:/vscode-win32-x64-1.75.1/toolchains/avr-gcc/bin/../lib/gcc/avr/12.1.0/../../../../avr/lib/avr5/crtatmega328p.o
__vector_8                                        e:/vscode-win32-x64-1.75.1/toolchains/avr-gcc/bin/../lib/gcc/avr/12.1.0/../../../../avr/lib/avr5/crtatmega328p.o
__vector_9                                        e:/vscode-win32-x64-1.75.1/toolchains/avr-gcc/bin/../lib/gcc/avr/12.1.0/../../../../avr/lib/avr5/crtatmega328p.o
__vector_default                                  e:/vscode-win32-x64-1.75.1/toolchains/avr-gcc/bin/../lib/gcc/avr/12.1.0/../../../../avr/lib/avr5/crtatmega328p.o
__vectors                                         e:/vscode-win32-x64-1.75.1/toolchains/avr-gcc/bin/../lib/gcc/avr/12.1.0/../../../../avr/lib/avr5/crtatmega328p.o
_exit                                             e:/vscode-win32-x64-1.75.1/toolchains/avr-gcc/bin/../lib/gcc/avr/12.1.0/avr5\libgcc.a(_exit.o)
direction                                         build/main.o
exit                                              e:/vscode-win32-x64-1.75.1/toolchains/avr-gcc/bin/../lib/gcc/avr/12.1.0/avr5\libgcc.a(_exit.o)
                                                  e:/vscode-win32-x64-1.75.1/toolchains/avr-gcc/bin/../lib/gcc/avr/12.1.0/../../../../avr/lib/avr5/crtatmega328p.o
hex2SevenSegments                                 build/SevenSegments.o
main                                              build/main.o
                                                  e:/vscode-win32-x64-1.75.1/toolchains/avr-gcc/bin/../lib/gcc/avr/12.1.0/../../../../avr/lib/avr5/crtatmega328p.o
